------------------------------------------
M.U.G.E.N ver 1.00 (2011.01.18) status log
------------------------------------------
Parsing command line...
Command line: D:\Games\KOF\MUGEN\KOF 95 25TH [King of Fighters 95' 25th anniversary Mugen Edition] [OPEN VERSION]\mugen.exe
Parse command line OK
Initializing...
Allocating game variables
Reading configuration file...OK
Initializing timer...performance timer enabled...frequency 10000000...OK
Initializing keyboard...configuring...OK
Initializing input engine...OK
Initializing sound...Using SDL audio driver: dsound
Requesting mixer parameters (44100, 16, 2, 2048)...
Opened mixer with parameters (44100, 16, 2, 2048)...
OK
Initializing BGM...BGMThreadInit returned 0
OK
Initializing graphics...gameCoord 640x480...render mode 0_2...trying 640x480x16 mode 0x0...success...OK
Setting callbacks...OK
Initializing font...OK
Initializing game variables...OK
Loading system fonts...OK
Loading options...
Initializing pads...failed
Reinitializing input engine...OK
Remapping keys...OK
Reinitializing input engine...OK
Options loaded OK
Loading system...
  Load system file system.def...OK
  Load system spr...OK
  Load system snd...OK
  Load system fonts...OK
  Load system anim...OK
  Load [Title Info]...OK
  Load [Option Info]...OK
  Load [Select Info]...OK
  Load [VS Screen]...OK
  Load [Victory Screen]...OK
  Load [Demo Mode]...OK
  Load [Continue Screen]...OK
  Load [Game Over Screen]...OK
  Load [Win Screen]...OK
  Load [Survival Results Screen]...OK
  Load [Default Ending]...OK
  Load [End Credits]...OK
  Load TitleBG...VersusBG...VictoryBG...Error loading VictoryBG
SelectBG...OptionBG...OK
  Loading fight data
    Opening fight data file data/mugen1/kof95-lb.def...OK
    Reading [Files]...OK
    Loading fonts...OK
    Load fight anim...OK
    Reading [Lifebar]...[Turns Lifebar]...[Simul Lifebar]...[Powerbar]...
    [Face]...[Simul Face]...[Turns Face]...
    [Name]...[Simul Name]...[Turns Name]...
    [Time]...[Combo]...[Round]...[WinIcon]...OK
    Allocating explods...OK
  Fight data loaded OK
System loaded OK
Initialize OK
Set up graphics...timer...OK
Playing storyboard kof95-sb-logo.def: scene
attempting load and start...attempting load of data/mugen1/mp3/kof95-sb-logo.mp3...Couldn't open BGM file data/mugen1/mp3/kof95-sb-logo.mp3!
error 1!
Storyboard playback canceled 10:0 k6B p0
Finished playing storyboard kof95-sb-logo.def: scene
Initializing character info...OK
Initializing select screen...finding characters...
  Error reading character file: chars/char[xx]/char[xx].def

  Error reading character file: chars/char[xx]/char[xx].def

  Error reading character file: chars/char[xx]/char[xx].def

  Error reading character file: chars/char[xx]/char[xx].def

  Error reading character file: chars/char[xx]/char[xx].def

  Error reading character file: chars/char[xx]/char[xx].def

  Error reading character file: chars/char[xx]/char[xx].def

  Error reading character file: chars/char[xx]/char[xx].def

  Error reading character file: chars/char[xx]/char[xx].def

  Error reading character file: chars/char[xx]/char[xx].def

  Error reading character file: chars/char[xx]/char[xx].def

  Error reading character file: chars/char[xx]/char[xx].def

  Error reading character file: chars/char[xx]/char[xx].def

  Error reading character file: chars/char[xx]/char[xx].def

  Error reading character file: chars/EMPTY/EMPTY.def

  Error reading character file: chars/EMPTY/EMPTY.def

  Error reading character file: chars/EMPTY/EMPTY.def

  Error reading character file: chars/EMPTY/EMPTY.def

  Error reading character file: chars/EMPTY/EMPTY.def

  Error reading character file: chars/EMPTY/EMPTY.def

  Error reading character file: chars/EMPTY/EMPTY.def

  Error reading character file: chars/EMPTY/EMPTY.def

  Error reading character file: chars/EMPTY/EMPTY.def

  Error reading character file: chars/EMPTY/EMPTY.def

  Error reading character file: chars/EMPTY/EMPTY.def

  Error reading character file: chars/EMPTY/EMPTY.def

  Error reading character file: chars/char[xx]/char[xx].def

  Error reading character file: chars/char[xx]/char[xx].def

  Error reading character file: chars/EMPTY/EMPTY.def

  Error reading character file: chars/EMPTY/EMPTY.def

  Error reading character file: chars/EMPTY/EMPTY.def

  Error reading character file: chars/EMPTY/EMPTY.def

  Error reading character file: chars/EMPTY/EMPTY.def

  Error reading character file: chars/EMPTY/EMPTY.def

  Error reading character file: chars/EMPTY/EMPTY.def

  Error reading character file: chars/EMPTY/EMPTY.def

  Error reading character file: chars/char[xx]/char[xx].def

  Error reading character file: chars/char[xx]/char[xx].def

  Error reading character file: chars/char[xx]/char[xx].def

  Error reading character file: chars/EMPTY/EMPTY.def

  Error reading character file: chars/EMPTY/EMPTY.def

  Error reading character file: chars/EMPTY/EMPTY.def

  Error reading character file: chars/EMPTY/EMPTY.def

  Error reading character file: chars/EMPTY/EMPTY.def

  Error reading character file: chars/EMPTY/EMPTY.def

  Error reading character file: chars/EMPTY/EMPTY.def

  Error reading character file: chars/EMPTY/EMPTY.def

  Error reading character file: chars/char[xx]/char[xx].def

  Error reading character file: chars/char[xx]/char[xx].def

  Error reading character file: chars/char[xx]/char[xx].def

  Error reading character file: chars/EMPTY/EMPTY.def

  Error reading character file: chars/EMPTY/EMPTY.def

  Error reading character file: chars/EMPTY/EMPTY.def

  Error reading character file: chars/EMPTY/EMPTY.def
OK

Entering main loop
Playing storyboard kof95-sb-intro.def: scene
Storyboard file not found: kof95-sb-intro.defEntering character select.
attempting load and start...attempting load of data/kof95/mp3/kof95-sp-title.mp3...hooking mixer callback...
success!
starting BGM...
attempting load and start...attempting load of data/kof95/mp3/kof95-sp-select.mp3...success!
starting BGM...
Loading character chars/omegarugal/omegarugal.def...
  Loading info...OK
  Loading cmd command set omegarugal.cmd...OK
  Loading cns omegarugal.cns...OK
  Loading cns orochi.cns...OK
  Loading cmd state entry omegarugal.cmd...OK
  Loading common states common1.cns...OK
  Unloading command names...OK
  Loading sff omegarugal.sff...OK
  Loading anim omegarugal.air...OK
  Loading snd omegarugal.snd...OK
  Loading pals...(1,1)(1,2)(1,3)(1,4)(1,5)(1,6)(1,7)(1,8)(1,9)(1,10)(1,11)(1,12)OK
  SFF v1.01 palette hack engaged.
  8277 expressions (2699 on trigger lines)
Character omegarugal.def loaded OK
Loading character chars/iori/iori.def...
  Loading info...OK
  Loading cmd command set Iori.cmd...OK
  Loading cns Iori.cns...OK
  Loading cmd state entry Iori.cmd...OK
  Loading common states common1.cns...OK
  Unloading command names...OK
  Loading sff Iori.sff...OK
  Loading anim Iori.air...OK
  Loading snd Iori.snd...OK
  Loading pals...(1,1)(1,2)(1,3)(1,4)(1,5)(1,6)(1,7)(1,8)(1,9)(1,10)(1,11)(1,12)OK
  SFF v1.01 palette hack engaged.
  12180 expressions (4534 on trigger lines)
Character iori.def loaded OK
attempting load and start...no BGM...Initializing stage...
  Loading BG...attempting load of sound/slam no.5.mp3...success!
OK
  Allocating helpers...OK
Stage initialized OK
Start of game loop
prebuffering BGM...
End of game loop
Total time: 115.63s
Total frames: 6939 	Skipped frames: 0
Avg game rate: 60.01
Avg frame rate: 60.01

attempting load and start...attempting load of data/kof95/mp3/kof95-sp-select.mp3...success!
starting BGM...
Entering character select.
attempting load and start...attempting load of data/kof95/mp3/kof95-sp-title.mp3...success!
starting BGM...
Returned from main loop
Deinitializing...
Frames      : 6939
Time elapsed: 121.120 sec
ticks: 12112, tps: 100, start 68, end 12180

Clearing player cache...OK
Freeing character info...OK
Freeing select screen...OK
Freeing fight data...OK
Freeing system data...OK
Freeing game variables...OK
Deinitializing input...pad...keyboard...OK
Removing callbacks...OK
Deintializing timer...OK
Deinitializing graphics...OK
Deinitializing BGM...Cleaning up mixer callback...unhooking mixer callback...

Mixer callback was entered 2601 times
Mixer callback timing stats (last 2601 calls):
	14.000000 median, 15.569781 avg, 12.546743 sample std. dev.
Top 10 slowest times:	274 (1), 194 (1), 172 (1), 164 (1), 160 (3), 154 (1), 153 (1), 145 (1), 143 (1), 113 (1)
Top 10 fastest times:	4 (2), 5 (1), 6 (6), 7 (83), 8 (147), 9 (135), 10 (141), 11 (97), 12 (137), 13 (386)
OK
Deinitializing sound...OK
Successful program termination.

Log file successfully closed.
